2025-05-05 14:12:42,895:__main__:MySQL ERROR setProcessed() >> 1064 (42000): You have an error in your SQL syntax; check the manual that corresponds to your MariaDB server version for the right syntax to use near '[(Decimal('41'),)]' at line 9
2025-05-05 14:13:29,572:__main__:MySQL ERROR setProcessed() >> 1064 (42000): You have an error in your SQL syntax; check the manual that corresponds to your MariaDB server version for the right syntax to use near '(Decimal('41'),)' at line 9
2025-05-06 07:50:23,861:__main__:
        -------------- Process started for V_ID: 98771 -------------- 
        
2025-05-06 08:01:50,432:__main__:MySQL ERROR setProcessed() >> 1064 (42000): You have an error in your SQL syntax; check the manual that corresponds to your MariaDB server version for the right syntax to use near '(41 * 2), 41' at line 13
2025-05-06 08:37:07,460:__main__:MySQL ERROR setProcessed() >> 1064 (42000): You have an error in your SQL syntax; check the manual that corresponds to your MariaDB server version for the right syntax to use near 'FROM CompetitorVendorListSave
                JOIN MarketingVendorScraping ON...' at line 6
2025-05-06 08:38:35,569:__main__:
        -------------- Process started for V_ID: 20237 -------------- 
        
2025-05-06 11:25:04,896:__main__:
        -------------- Process started for V_ID: 13156 -------------- 
        
2025-05-06 11:27:24,246:__main__:
        -------------- Process started for V_ID: 13750 -------------- 
        
2025-05-06 11:27:59,962:__main__:
            -------------- Process started for 1 product(s) --------------
            
2025-05-06 11:28:02,756:__main__:Marked as picked (PID: 20689).
2025-05-06 11:28:02,998:__main__:Processing (Milwaukee  3497-22)
2025-05-06 11:28:03,000:__main__:trigger selenium
2025-05-06 11:28:20,022:__main__:Current IP: 142.214.182.184
2025-05-06 11:29:05,398:__main__:Main div not found.
2025-05-06 11:29:05,835:__main__:Processed (Milwaukee  3497-22)
2025-05-06 11:29:40,225:__main__:
            -------------- Process started for 1 product(s) --------------
            
2025-05-06 11:29:42,571:__main__:Marked as picked (PID: 56556).
2025-05-06 11:29:42,801:__main__:Processing (Milwaukee  48-22-2760)
2025-05-06 11:29:42,802:__main__:trigger selenium
2025-05-06 11:29:52,406:__main__:Current IP: 196.51.185.166
2025-05-06 11:30:27,596:__main__:Captcha Detected, Waiting to be resolved manually
2025-05-06 11:30:42,776:__main__:Captcha Detected, Waiting to be resolved manually
2025-05-06 11:34:49,479:__main__:Processed (Milwaukee  48-22-2760)
2025-05-06 12:00:38,616:__main__:
        -------------- Process started for 1 product(s) --------------
        
2025-05-06 12:00:41,098:__main__:Marked as picked (PID: 73313).
2025-05-06 12:00:41,339:__main__:Processing (Milwaukee  2112-21)
2025-05-06 12:00:41,341:__main__:trigger selenium
2025-05-06 12:00:56,557:__main__:Current IP: 196.51.185.166
2025-05-06 12:01:32,677:__main__:Captcha Detected, Waiting to be resolved manually
2025-05-06 12:01:43,851:__main__:Captcha Detected, Waiting to be resolved manually
2025-05-06 12:02:22,044:__main__:Right side box not found (Milwaukee  2112-21).
2025-05-06 12:02:22,345:__main__:Processed (Milwaukee  2112-21)
2025-05-06 12:03:22,915:__main__:
        -------------- Process started for 1 product(s) --------------
        
2025-05-06 12:03:25,397:__main__:Marked as picked (PID: 79027).
2025-05-06 12:03:25,640:__main__:Processing (Milwaukee  48-11-2425)
2025-05-06 12:03:25,642:__main__:trigger selenium
2025-05-06 12:03:35,099:__main__:Current IP: 38.152.158.219
2025-05-06 12:04:13,212:__main__:Captcha Detected, Waiting to be resolved manually
2025-05-06 12:08:03,655:__main__:Pricing info added, vendor_pricing_id (4241979): vendor_product_id (ID: 2460692) x source (google_main_searched)
2025-05-06 12:08:10,323:__main__:History Table is up-to-date.
2025-05-06 12:08:10,820:__main__:Pricing info added to history (z_10539_VendorPricing)
2025-05-06 12:08:12,244:__main__:Pricing info added, vendor_pricing_id (4241980): vendor_product_id (ID: 856233) x source (google_main_searched)
2025-05-06 12:08:18,746:__main__:History Table is up-to-date.
2025-05-06 12:08:19,212:__main__:Pricing info added to history (z_10014_VendorPricing)
2025-05-06 12:08:20,623:__main__:Pricing info added, vendor_pricing_id (4241981): vendor_product_id (ID: 856167) x source (google_main_searched)
2025-05-06 12:08:27,314:__main__:History Table is up-to-date.
2025-05-06 12:08:27,827:__main__:Pricing info added to history (z_10011_VendorPricing)
2025-05-06 12:08:28,355:__main__:Found existing vendor: Wise Line Tools (ID: 98817)
2025-05-06 12:08:29,066:__main__:Mapped Vendor (ID: 98817) x Product (ID: 79027)
2025-05-06 12:08:30,957:__main__:Pricing info added, vendor_pricing_id (4241982): vendor_product_id (ID: 4181688) x source (google_main_searched)
2025-05-06 12:08:37,587:__main__:History Table is up-to-date.
2025-05-06 12:08:38,065:__main__:Pricing info added to history (z_98817_VendorPricing)
2025-05-06 12:08:39,478:__main__:Pricing info added, vendor_pricing_id (4241983): vendor_product_id (ID: 1692629) x source (google_main_searched)
2025-05-06 12:08:45,977:__main__:History Table is up-to-date.
2025-05-06 12:08:46,446:__main__:Pricing info added to history (z_10022_VendorPricing)
2025-05-06 12:08:47,855:__main__:Pricing info added, vendor_pricing_id (4241984): vendor_product_id (ID: 1365551) x source (google_main_searched)
2025-05-06 12:08:54,091:__main__:History Table is up-to-date.
2025-05-06 12:08:54,546:__main__:Pricing info added to history (z_10012_VendorPricing)
2025-05-06 12:08:55,944:__main__:Pricing info added, vendor_pricing_id (4241985): vendor_product_id (ID: 2460700) x source (google_main_searched)
2025-05-06 12:09:02,505:__main__:History Table is up-to-date.
2025-05-06 12:09:03,007:__main__:Pricing info added to history (z_12163_VendorPricing)
2025-05-06 12:09:03,502:__main__:Found existing vendor: Uber Eats (ID: 41533)
2025-05-06 12:09:04,211:__main__:Mapped Vendor (ID: 41533) x Product (ID: 79027)
2025-05-06 12:09:06,096:__main__:Pricing info added, vendor_pricing_id (4241986): vendor_product_id (ID: 4181689) x source (google_main_searched)
2025-05-06 12:09:12,649:__main__:History Table is up-to-date.
2025-05-06 12:09:13,146:__main__:Pricing info added to history (z_41533_VendorPricing)
2025-05-06 12:09:14,570:__main__:Pricing info added, vendor_pricing_id (4241987): vendor_product_id (ID: 2241222) x source (google_main_searched)
2025-05-06 12:09:20,778:__main__:History Table is up-to-date.
2025-05-06 12:09:21,250:__main__:Pricing info added to history (z_16584_VendorPricing)
2025-05-06 12:09:22,660:__main__:Pricing info added, vendor_pricing_id (4241988): vendor_product_id (ID: 1822612) x source (google_main_searched)
2025-05-06 12:09:28,880:__main__:History Table is up-to-date.
2025-05-06 12:09:29,363:__main__:Pricing info added to history (z_13249_VendorPricing)
2025-05-06 12:09:30,792:__main__:Pricing info added, vendor_pricing_id (4241989): vendor_product_id (ID: 856555) x source (google_main_searched)
2025-05-06 12:09:37,480:__main__:History Table is up-to-date.
2025-05-06 12:09:37,984:__main__:Pricing info added to history (z_10313_VendorPricing)
2025-05-06 12:09:39,415:__main__:Pricing info added, vendor_pricing_id (4241990): vendor_product_id (ID: 856284) x source (google_main_searched)
2025-05-06 12:09:45,738:__main__:History Table is up-to-date.
2025-05-06 12:09:46,219:__main__:Pricing info added to history (z_10169_VendorPricing)
2025-05-06 12:09:47,631:__main__:Pricing info added, vendor_pricing_id (4241991): vendor_product_id (ID: 857333) x source (google_main_searched)
2025-05-06 12:09:54,057:__main__:History Table is up-to-date.
2025-05-06 12:09:54,517:__main__:Pricing info added to history (z_11114_VendorPricing)
2025-05-06 12:09:55,918:__main__:Pricing info added, vendor_pricing_id (4241993): vendor_product_id (ID: 856774) x source (google_main_searched)
2025-05-06 12:10:02,166:__main__:History Table is up-to-date.
2025-05-06 12:10:02,688:__main__:Pricing info added to history (z_11159_VendorPricing)
2025-05-06 12:10:04,132:__main__:Pricing info added, vendor_pricing_id (4241994): vendor_product_id (ID: 1415894) x source (google_main_searched)
2025-05-06 12:10:10,923:__main__:History Table is up-to-date.
2025-05-06 12:10:11,422:__main__:Pricing info added to history (z_15927_VendorPricing)
2025-05-06 12:10:12,849:__main__:Pricing info added, vendor_pricing_id (4241995): vendor_product_id (ID: 856681) x source (google_main_searched)
2025-05-06 12:10:19,004:__main__:History Table is up-to-date.
2025-05-06 12:10:19,467:__main__:Pricing info added to history (z_11934_VendorPricing)
2025-05-06 12:10:20,872:__main__:Pricing info added, vendor_pricing_id (4241996): vendor_product_id (ID: 1374829) x source (google_main_searched)
2025-05-06 12:10:27,389:__main__:History Table is up-to-date.
2025-05-06 12:10:27,895:__main__:Pricing info added to history (z_11405_VendorPricing)
2025-05-06 12:10:29,317:__main__:Pricing info added, vendor_pricing_id (4241997): vendor_product_id (ID: 2341286) x source (google_main_searched)
2025-05-06 12:10:35,806:__main__:History Table is up-to-date.
2025-05-06 12:10:36,277:__main__:Pricing info added to history (z_11483_VendorPricing)
2025-05-06 12:10:37,705:__main__:Pricing info added, vendor_pricing_id (4241998): vendor_product_id (ID: 829329) x source (google_main_searched)
2025-05-06 12:10:44,412:__main__:History Table is up-to-date.
2025-05-06 12:10:44,896:__main__:Pricing info added to history (z_10333_VendorPricing)
2025-05-06 12:10:46,314:__main__:Pricing info added, vendor_pricing_id (4241999): vendor_product_id (ID: 856357) x source (google_main_searched)
2025-05-06 12:10:54,383:__main__:History Table is up-to-date.
2025-05-06 12:10:54,836:__main__:Pricing info added to history (z_10275_VendorPricing)
2025-05-06 12:10:56,268:__main__:Pricing info added, vendor_pricing_id (4242000): vendor_product_id (ID: 1365556) x source (google_main_searched)
2025-05-06 12:11:02,380:__main__:History Table is up-to-date.
2025-05-06 12:11:02,846:__main__:Pricing info added to history (z_10135_VendorPricing)
2025-05-06 12:11:04,275:__main__:Pricing info added, vendor_pricing_id (4242001): vendor_product_id (ID: 857761) x source (google_main_searched)
2025-05-06 12:11:11,171:__main__:History Table is up-to-date.
2025-05-06 12:11:11,663:__main__:Pricing info added to history (z_10331_VendorPricing)
2025-05-06 12:11:13,585:__main__:Pricing info added, vendor_pricing_id (4242002): vendor_product_id (ID: 857061) x source (google_main_searched)
2025-05-06 12:11:20,139:__main__:History Table is up-to-date.
2025-05-06 12:11:20,625:__main__:Pricing info added to history (z_11507_VendorPricing)
2025-05-06 12:11:21,104:__main__:Found existing vendor: FleetPride (ID: 17286)
2025-05-06 12:11:21,808:__main__:Mapped Vendor (ID: 17286) x Product (ID: 79027)
2025-05-06 12:11:23,688:__main__:Pricing info added, vendor_pricing_id (4242003): vendor_product_id (ID: 4181691) x source (google_main_searched)
2025-05-06 12:11:32,521:__main__:History Table is up-to-date.
2025-05-06 12:11:32,976:__main__:Pricing info added to history (z_17286_VendorPricing)
2025-05-06 12:11:34,377:__main__:Pricing info added, vendor_pricing_id (4242004): vendor_product_id (ID: 857555) x source (google_main_searched)
2025-05-06 12:11:41,431:__main__:History Table is up-to-date.
2025-05-06 12:11:41,935:__main__:Pricing info added to history (z_13152_VendorPricing)
2025-05-06 12:11:43,372:__main__:Pricing info added, vendor_pricing_id (4242005): vendor_product_id (ID: 857190) x source (google_main_searched)
2025-05-06 12:11:50,291:__main__:History Table is up-to-date.
2025-05-06 12:11:50,791:__main__:Pricing info added to history (z_10366_VendorPricing)
2025-05-06 12:11:52,216:__main__:Pricing info added, vendor_pricing_id (4242006): vendor_product_id (ID: 1344162) x source (google_main_searched)
2025-05-06 12:11:58,822:__main__:History Table is up-to-date.
2025-05-06 12:11:59,304:__main__:Pricing info added to history (z_10340_VendorPricing)
2025-05-06 12:12:00,716:__main__:Pricing info added, vendor_pricing_id (4242007): vendor_product_id (ID: 857125) x source (google_main_searched) x SUSPICIOUS
2025-05-06 12:12:06,998:__main__:History Table is up-to-date.
2025-05-06 12:12:07,464:__main__:Pricing info added to history (z_10335_VendorPricing)
2025-05-06 12:12:07,949:__main__:Found existing vendor: KBC Tools and Machinery - US (ID: 90503)
2025-05-06 12:12:08,650:__main__:Mapped Vendor (ID: 90503) x Product (ID: 79027)
2025-05-06 12:12:10,518:__main__:Pricing info added, vendor_pricing_id (4242008): vendor_product_id (ID: 4181692) x source (google_main_searched)
2025-05-06 12:12:17,768:__main__:History Table is up-to-date.
2025-05-06 12:12:18,233:__main__:Pricing info added to history (z_90503_VendorPricing)
2025-05-06 12:12:18,707:__main__:Found existing vendor: Polar Tool & Supply (ID: 22425)
2025-05-06 12:12:19,418:__main__:Mapped Vendor (ID: 22425) x Product (ID: 79027)
2025-05-06 12:12:21,296:__main__:Pricing info added, vendor_pricing_id (4242009): vendor_product_id (ID: 4181693) x source (google_main_searched)
2025-05-06 12:12:27,883:__main__:History Table is up-to-date.
2025-05-06 12:12:28,358:__main__:Pricing info added to history (z_22425_VendorPricing)
2025-05-06 12:12:28,832:__main__:Found existing vendor: USToolandFastener.com (ID: 11300)
2025-05-06 12:12:29,537:__main__:Mapped Vendor (ID: 11300) x Product (ID: 79027)
2025-05-06 12:12:31,420:__main__:Pricing info added, vendor_pricing_id (4242010): vendor_product_id (ID: 4181694) x source (google_main_searched)
2025-05-06 12:12:37,815:__main__:History Table is up-to-date.
2025-05-06 12:12:38,299:__main__:Pricing info added to history (z_11300_VendorPricing)
2025-05-06 12:12:39,716:__main__:Pricing info added, vendor_pricing_id (4242013): vendor_product_id (ID: 1885062) x source (google_main_searched) x SUSPICIOUS
2025-05-06 12:12:45,981:__main__:History Table is up-to-date.
2025-05-06 12:12:46,455:__main__:Pricing info added to history (z_10059_VendorPricing)
2025-05-06 12:12:47,883:__main__:Pricing info added, vendor_pricing_id (4242014): vendor_product_id (ID: 857475) x source (google_main_searched)
2025-05-06 12:12:54,230:__main__:History Table is up-to-date.
2025-05-06 12:12:54,713:__main__:Pricing info added to history (z_12608_VendorPricing)
2025-05-06 12:12:56,131:__main__:Pricing info added, vendor_pricing_id (4242015): vendor_product_id (ID: 1365559) x source (google_main_searched)
2025-05-06 12:13:02,656:__main__:History Table is up-to-date.
2025-05-06 12:13:03,147:__main__:Pricing info added to history (z_21465_VendorPricing)
2025-05-06 12:13:04,565:__main__:Pricing info added, vendor_pricing_id (4242016): vendor_product_id (ID: 1923031) x source (google_main_searched)
2025-05-06 12:13:10,912:__main__:History Table is up-to-date.
2025-05-06 12:13:11,409:__main__:Pricing info added to history (z_11741_VendorPricing)
2025-05-06 12:13:12,826:__main__:Pricing info added, vendor_pricing_id (4242017): vendor_product_id (ID: 2587192) x source (google_main_searched)
2025-05-06 12:13:19,718:__main__:History Table is up-to-date.
2025-05-06 12:13:20,196:__main__:Pricing info added to history (z_25617_VendorPricing)
2025-05-06 12:13:21,614:__main__:Pricing info added, vendor_pricing_id (4242019): vendor_product_id (ID: 1464903) x source (google_main_searched)
2025-05-06 12:13:27,921:__main__:History Table is up-to-date.
2025-05-06 12:13:28,403:__main__:Pricing info added to history (z_11040_VendorPricing)
2025-05-06 12:13:29,820:__main__:Pricing info added, vendor_pricing_id (4242020): vendor_product_id (ID: 857723) x source (google_main_searched)
2025-05-06 12:13:36,145:__main__:History Table is up-to-date.
2025-05-06 12:13:36,629:__main__:Pricing info added to history (z_11192_VendorPricing)
2025-05-06 12:13:37,111:__main__:Found existing vendor: Stock Car Steel (ID: 22424)
2025-05-06 12:13:37,813:__main__:Mapped Vendor (ID: 22424) x Product (ID: 79027)
2025-05-06 12:13:39,684:__main__:Pricing info added, vendor_pricing_id (4242021): vendor_product_id (ID: 4181697) x source (google_main_searched)
2025-05-06 12:13:46,495:__main__:History Table is up-to-date.
2025-05-06 12:13:46,950:__main__:Pricing info added to history (z_22424_VendorPricing)
2025-05-06 12:13:48,362:__main__:Pricing info added, vendor_pricing_id (4242022): vendor_product_id (ID: 2185476) x source (google_main_searched)
2025-05-06 12:13:54,403:__main__:History Table is up-to-date.
2025-05-06 12:13:54,898:__main__:Pricing info added to history (z_11542_VendorPricing)
2025-05-06 12:13:56,339:__main__:Pricing info added, vendor_pricing_id (4242023): vendor_product_id (ID: 1459403) x source (google_main_searched)
2025-05-06 12:14:03,347:__main__:History Table is up-to-date.
2025-05-06 12:14:03,843:__main__:Pricing info added to history (z_15559_VendorPricing)
2025-05-06 12:14:04,333:__main__:Found existing vendor: J Harlen Co. (ID: 25613)
2025-05-06 12:14:05,035:__main__:Mapped Vendor (ID: 25613) x Product (ID: 79027)
2025-05-06 12:14:06,908:__main__:Pricing info added, vendor_pricing_id (4242024): vendor_product_id (ID: 4181698) x source (google_main_searched)
2025-05-06 12:14:12,903:__main__:History Table is up-to-date.
2025-05-06 12:14:13,374:__main__:Pricing info added to history (z_25613_VendorPricing)
2025-05-06 12:14:14,783:__main__:Pricing info added, vendor_pricing_id (4242026): vendor_product_id (ID: 1899735) x source (google_main_searched)
2025-05-06 12:14:21,189:__main__:History Table is up-to-date.
2025-05-06 12:14:21,669:__main__:Pricing info added to history (z_10550_VendorPricing)
2025-05-06 12:14:23,106:__main__:Pricing info added, vendor_pricing_id (4242027): vendor_product_id (ID: 1374832) x source (google_main_searched)
2025-05-06 12:14:29,452:__main__:History Table is up-to-date.
2025-05-06 12:14:29,923:__main__:Pricing info added to history (z_10373_VendorPricing)
2025-05-06 12:14:31,333:__main__:Pricing info added, vendor_pricing_id (4242028): vendor_product_id (ID: 2166023) x source (google_main_searched)
2025-05-06 12:14:37,565:__main__:History Table is up-to-date.
2025-05-06 12:14:38,063:__main__:Pricing info added to history (z_10084_VendorPricing)
2025-05-06 12:14:39,483:__main__:Pricing info added, vendor_pricing_id (4242030): vendor_product_id (ID: 857881) x source (google_main_searched)
2025-05-06 12:14:45,832:__main__:History Table is up-to-date.
2025-05-06 12:14:46,298:__main__:Pricing info added to history (z_10349_VendorPricing)
2025-05-06 12:14:47,701:__main__:Pricing info added, vendor_pricing_id (4242032): vendor_product_id (ID: 2166020) x source (google_main_searched)
2025-05-06 12:14:53,907:__main__:History Table is up-to-date.
2025-05-06 12:14:54,391:__main__:Pricing info added to history (z_10988_VendorPricing)
2025-05-06 12:14:55,822:__main__:Pricing info added, vendor_pricing_id (4242033): vendor_product_id (ID: 1459401) x source (google_main_searched)
2025-05-06 12:15:02,095:__main__:History Table is up-to-date.
2025-05-06 12:15:02,610:__main__:Pricing info added to history (z_17858_VendorPricing)
2025-05-06 12:15:03,106:__main__:Found existing vendor: Workshop Tools (ID: 98240)
2025-05-06 12:15:03,811:__main__:Mapped Vendor (ID: 98240) x Product (ID: 79027)
2025-05-06 12:15:05,689:__main__:Pricing info added, vendor_pricing_id (4242035): vendor_product_id (ID: 4181702) x source (google_main_searched)
2025-05-06 12:15:11,928:__main__:History Table is up-to-date.
2025-05-06 12:15:12,399:__main__:Pricing info added to history (z_98240_VendorPricing)
2025-05-06 12:15:13,808:__main__:Pricing info added, vendor_pricing_id (4242037): vendor_product_id (ID: 1711792) x source (google_main_searched)
2025-05-06 12:15:20,320:__main__:History Table is up-to-date.
2025-05-06 12:15:20,796:__main__:Pricing info added to history (z_11140_VendorPricing)
2025-05-06 12:15:21,771:__main__:Added new vendor: eboltsupply.com (ID: 99122)
2025-05-06 12:15:22,473:__main__:Mapped Vendor (ID: 99122) x Product (ID: 79027)
2025-05-06 12:15:24,342:__main__:Pricing info added, vendor_pricing_id (4242039): vendor_product_id (ID: 4181705) x source (google_main_searched)
2025-05-06 12:15:28,742:__main__:Table z_99122_VendorPricing does not exist. Creating table...
2025-05-06 12:15:29,242:__main__:Table z_99122_VendorPricing created successfully.
2025-05-06 12:15:29,245:__main__:====================================================
2025-05-06 12:15:29,731:__main__:Pricing info added to history (z_99122_VendorPricing)
2025-05-06 12:15:31,154:__main__:Pricing info added, vendor_pricing_id (4242041): vendor_product_id (ID: 857603) x source (google_main_searched)
2025-05-06 12:15:37,392:__main__:History Table is up-to-date.
2025-05-06 12:15:37,861:__main__:Pricing info added to history (z_11180_VendorPricing)
2025-05-06 12:15:38,350:__main__:Found existing vendor: RC Engine Service (ID: 98378)
2025-05-06 12:15:39,053:__main__:Mapped Vendor (ID: 98378) x Product (ID: 79027)
2025-05-06 12:15:40,928:__main__:Pricing info added, vendor_pricing_id (4242042): vendor_product_id (ID: 4181706) x source (google_main_searched)
2025-05-06 12:15:47,110:__main__:History Table is up-to-date.
2025-05-06 12:15:47,345:__main__:MySQL ERROR savePricingHistory() >> 1366 (22007): Incorrect string value: '\xE2\x80\x89\xE2\x80\x93...' for column `rphrevgncp`.`z_98378_VendorPricing`.`vendorprice_offers` at row 1
2025-05-06 12:15:47,833:__main__:Found existing vendor: Big Tool Store (ID: 90944)
2025-05-06 12:15:48,534:__main__:Mapped Vendor (ID: 90944) x Product (ID: 79027)
2025-05-06 12:15:50,402:__main__:Pricing info added, vendor_pricing_id (4242043): vendor_product_id (ID: 4181707) x source (google_main_searched)
2025-05-06 12:15:56,796:__main__:History Table is up-to-date.
2025-05-06 12:15:57,324:__main__:Pricing info added to history (z_90944_VendorPricing)
2025-05-06 12:15:58,759:__main__:Pricing info added, vendor_pricing_id (4242046): vendor_product_id (ID: 857410) x source (google_main_searched)
2025-05-06 12:16:04,898:__main__:History Table is up-to-date.
2025-05-06 12:16:05,351:__main__:Pricing info added to history (z_10755_VendorPricing)
2025-05-06 12:16:06,751:__main__:Pricing info added, vendor_pricing_id (4242048): vendor_product_id (ID: 2513946) x source (google_main_searched)
2025-05-06 12:16:12,913:__main__:History Table is up-to-date.
2025-05-06 12:16:13,429:__main__:Pricing info added to history (z_11543_VendorPricing)
2025-05-06 12:16:14,838:__main__:Pricing info added, vendor_pricing_id (4242049): vendor_product_id (ID: 1522043) x source (google_main_searched)
2025-05-06 12:16:21,098:__main__:History Table is up-to-date.
2025-05-06 12:16:21,612:__main__:Pricing info added to history (z_10376_VendorPricing)
2025-05-06 12:16:23,134:__main__:Pricing info added, vendor_pricing_id (4242052): vendor_product_id (ID: 2764212) x source (google_main_searched)
2025-05-06 12:16:29,145:__main__:History Table is up-to-date.
2025-05-06 12:16:29,628:__main__:Pricing info added to history (z_11937_VendorPricing)
2025-05-06 12:16:31,105:__main__:Pricing info added, vendor_pricing_id (4242053): vendor_product_id (ID: 1344165) x source (google_main_searched)
2025-05-06 12:16:37,822:__main__:History Table is up-to-date.
2025-05-06 12:16:38,334:__main__:Pricing info added to history (z_10339_VendorPricing)
2025-05-06 12:16:39,790:__main__:Pricing info added, vendor_pricing_id (4242056): vendor_product_id (ID: 856634) x source (google_main_searched)
2025-05-06 12:16:46,195:__main__:History Table is up-to-date.
2025-05-06 12:16:46,667:__main__:Pricing info added to history (z_11161_VendorPricing)
2025-05-06 12:16:47,138:__main__:Found existing vendor: Ferguson (ID: 10025)
2025-05-06 12:16:47,846:__main__:Mapped Vendor (ID: 10025) x Product (ID: 79027)
2025-05-06 12:16:49,716:__main__:Pricing info added, vendor_pricing_id (4242058): vendor_product_id (ID: 4181715) x source (google_main_searched)
2025-05-06 12:16:56,513:__main__:History Table is up-to-date.
2025-05-06 12:16:57,144:__main__:Pricing info added to history (z_10025_VendorPricing)
2025-05-06 12:16:58,569:__main__:Pricing info added, vendor_pricing_id (4242061): vendor_product_id (ID: 856907) x source (google_main_searched)
2025-05-06 12:17:04,630:__main__:History Table is up-to-date.
2025-05-06 12:17:05,104:__main__:Pricing info added to history (z_10276_VendorPricing)
2025-05-06 12:17:05,603:__main__:Found existing vendor: Knudson Lumber Co (ID: 90050)
2025-05-06 12:17:06,314:__main__:Mapped Vendor (ID: 90050) x Product (ID: 79027)
2025-05-06 12:17:08,204:__main__:Pricing info added, vendor_pricing_id (4242063): vendor_product_id (ID: 4181719) x source (google_main_searched)
2025-05-06 12:17:14,707:__main__:History Table is up-to-date.
2025-05-06 12:17:15,259:__main__:Pricing info added to history (z_90050_VendorPricing)
2025-05-06 12:17:16,674:__main__:Pricing info added, vendor_pricing_id (4242065): vendor_product_id (ID: 857661) x source (google_main_searched)
2025-05-06 12:17:22,811:__main__:History Table is up-to-date.
2025-05-06 12:17:23,295:__main__:Pricing info added to history (z_10793_VendorPricing)
2025-05-06 12:17:23,786:__main__:Found existing vendor: Howard's Hardware Hank (ID: 90139)
2025-05-06 12:17:24,493:__main__:Mapped Vendor (ID: 90139) x Product (ID: 79027)
2025-05-06 12:17:26,360:__main__:Pricing info added, vendor_pricing_id (4242067): vendor_product_id (ID: 4181721) x source (google_main_searched)
2025-05-06 12:17:33,004:__main__:History Table is up-to-date.
2025-05-06 12:17:33,473:__main__:Pricing info added to history (z_90139_VendorPricing)
2025-05-06 12:17:34,893:__main__:Pricing info added, vendor_pricing_id (4242070): vendor_product_id (ID: 2304602) x source (google_main_searched)
2025-05-06 12:17:41,411:__main__:History Table is up-to-date.
2025-05-06 12:17:41,900:__main__:Pricing info added to history (z_11142_VendorPricing)
2025-05-06 12:17:43,322:__main__:Pricing info added, vendor_pricing_id (4242071): vendor_product_id (ID: 1711794) x source (google_main_searched)
2025-05-06 12:17:49,483:__main__:History Table is up-to-date.
2025-05-06 12:17:49,958:__main__:Pricing info added to history (z_10559_VendorPricing)
2025-05-06 12:17:51,365:__main__:Pricing info added, vendor_pricing_id (4242072): vendor_product_id (ID: 2656237) x source (google_main_searched)
2025-05-06 12:17:57,681:__main__:History Table is up-to-date.
2025-05-06 12:17:58,182:__main__:Pricing info added to history (z_25776_VendorPricing)
2025-05-06 12:17:58,685:__main__:Found existing vendor: Bee Green Recycling & Supply (ID: 98821)
2025-05-06 12:17:59,417:__main__:Mapped Vendor (ID: 98821) x Product (ID: 79027)
2025-05-06 12:18:01,300:__main__:Pricing info added, vendor_pricing_id (4242076): vendor_product_id (ID: 4181725) x source (google_main_searched)
2025-05-06 12:18:07,679:__main__:History Table is up-to-date.
2025-05-06 12:18:08,210:__main__:Pricing info added to history (z_98821_VendorPricing)
2025-05-06 12:18:08,755:__main__:Found existing vendor: World Electric (ID: 11985)
2025-05-06 12:18:09,465:__main__:Mapped Vendor (ID: 11985) x Product (ID: 79027)
2025-05-06 12:18:11,359:__main__:Pricing info added, vendor_pricing_id (4242077): vendor_product_id (ID: 4181726) x source (google_main_searched)
2025-05-06 12:18:17,920:__main__:History Table is up-to-date.
2025-05-06 12:18:18,418:__main__:Pricing info added to history (z_11985_VendorPricing)
2025-05-06 12:18:19,844:__main__:Pricing info added, vendor_pricing_id (4242079): vendor_product_id (ID: 1978663) x source (google_main_searched)
2025-05-06 12:18:26,648:__main__:History Table is up-to-date.
2025-05-06 12:18:27,123:__main__:Pricing info added to history (z_35036_VendorPricing)
2025-05-06 12:18:28,532:__main__:Pricing info added, vendor_pricing_id (4242081): vendor_product_id (ID: 1163544) x source (google_main_searched)
2025-05-06 12:18:35,157:__main__:History Table is up-to-date.
2025-05-06 12:18:35,638:__main__:Pricing info added to history (z_11146_VendorPricing)
2025-05-06 12:18:36,128:__main__:Found existing vendor: ballardindustrial.com (ID: 90184)
2025-05-06 12:18:36,829:__main__:Mapped Vendor (ID: 90184) x Product (ID: 79027)
2025-05-06 12:18:38,695:__main__:Pricing info added, vendor_pricing_id (4242083): vendor_product_id (ID: 4181730) x source (google_main_searched)
2025-05-06 12:18:45,146:__main__:History Table is up-to-date.
2025-05-06 12:18:46,104:__main__:Pricing info added to history (z_90184_VendorPricing)
2025-05-06 12:18:47,523:__main__:Pricing info added, vendor_pricing_id (4242086): vendor_product_id (ID: 2216560) x source (google_main_searched)
2025-05-06 12:18:53,807:__main__:History Table is up-to-date.
2025-05-06 12:18:54,293:__main__:Pricing info added to history (z_11699_VendorPricing)
2025-05-06 12:18:54,800:__main__:Found existing vendor: Quality Industrial Safety (ID: 98495)
2025-05-06 12:18:55,502:__main__:Mapped Vendor (ID: 98495) x Product (ID: 79027)
2025-05-06 12:18:57,377:__main__:Pricing info added, vendor_pricing_id (4242088): vendor_product_id (ID: 4181734) x source (google_main_searched)
2025-05-06 12:19:03,616:__main__:History Table is up-to-date.
2025-05-06 12:19:04,111:__main__:Pricing info added to history (z_98495_VendorPricing)
2025-05-06 12:19:05,528:__main__:Pricing info added, vendor_pricing_id (4242090): vendor_product_id (ID: 857254) x source (google_main_searched)
2025-05-06 12:19:11,710:__main__:History Table is up-to-date.
2025-05-06 12:19:12,165:__main__:Pricing info added to history (z_13750_VendorPricing)
2025-05-06 12:19:13,109:__main__:Found existing vendor: Aircraft Spruce and Specialty (ID: 13755)
2025-05-06 12:19:13,860:__main__:Mapped Vendor (ID: 13755) x Product (ID: 79027)
2025-05-06 12:19:15,790:__main__:Pricing info added, vendor_pricing_id (4242093): vendor_product_id (ID: 4181738) x source (google_main_searched)
2025-05-06 12:19:22,325:__main__:History Table is up-to-date.
2025-05-06 12:19:22,775:__main__:Pricing info added to history (z_13755_VendorPricing)
2025-05-06 12:19:23,255:__main__:Found existing vendor: elliottelectric.com (ID: 90847)
2025-05-06 12:19:23,976:__main__:Mapped Vendor (ID: 90847) x Product (ID: 79027)
2025-05-06 12:19:25,900:__main__:Pricing info added, vendor_pricing_id (4242096): vendor_product_id (ID: 4181741) x source (google_main_searched)
2025-05-06 12:19:31,997:__main__:History Table is up-to-date.
2025-05-06 12:19:32,468:__main__:Pricing info added to history (z_90847_VendorPricing)
2025-05-06 12:19:33,904:__main__:Pricing info added, vendor_pricing_id (4242098): vendor_product_id (ID: 856498) x source (google_main_searched)
2025-05-06 12:19:40,350:__main__:History Table is up-to-date.
2025-05-06 12:19:40,856:__main__:Pricing info added to history (z_10056_VendorPricing)
2025-05-06 12:19:42,305:__main__:Pricing info added, vendor_pricing_id (4242100): vendor_product_id (ID: 1459402) x source (google_main_searched)
2025-05-06 12:19:48,751:__main__:History Table is up-to-date.
2025-05-06 12:19:49,231:__main__:Pricing info added to history (z_10019_VendorPricing)
2025-05-06 12:19:49,712:__main__:Found existing vendor: RS - America (ID: 14577)
2025-05-06 12:19:50,429:__main__:Mapped Vendor (ID: 14577) x Product (ID: 79027)
2025-05-06 12:19:52,341:__main__:Pricing info added, vendor_pricing_id (4242103): vendor_product_id (ID: 4181746) x source (google_main_searched)
2025-05-06 12:19:58,794:__main__:History Table is up-to-date.
2025-05-06 12:19:59,256:__main__:Pricing info added to history (z_14577_VendorPricing)
2025-05-06 12:20:00,683:__main__:Pricing info added, vendor_pricing_id (4242104): vendor_product_id (ID: 2211725) x source (google_main_searched)
2025-05-06 12:20:06,963:__main__:History Table is up-to-date.
2025-05-06 12:20:07,447:__main__:Pricing info added to history (z_10030_VendorPricing)
2025-05-06 12:20:07,946:__main__:Found existing vendor: Mid-State Supply, 3323 Broadway Ave. (ID: 98298)
2025-05-06 12:20:08,665:__main__:Mapped Vendor (ID: 98298) x Product (ID: 79027)
2025-05-06 12:20:10,577:__main__:Pricing info added, vendor_pricing_id (4242107): vendor_product_id (ID: 4181748) x source (google_main_searched)
2025-05-06 12:20:17,208:__main__:History Table is up-to-date.
2025-05-06 12:20:17,696:__main__:Pricing info added to history (z_98298_VendorPricing)
2025-05-06 12:20:18,912:__main__:Pricing info added, vendor_pricing_id (4242110): vendor_product_id (ID: 1885062) x source (google_main_searched) x SUSPICIOUS
2025-05-06 12:20:25,445:__main__:History Table is up-to-date.
2025-05-06 12:20:25,958:__main__:Pricing info added to history (z_10059_VendorPricing)
2025-05-06 12:20:26,469:__main__:Found existing vendor: KBC Tools and Machinery - CA (ID: 90504)
2025-05-06 12:20:27,191:__main__:Mapped Vendor (ID: 90504) x Product (ID: 79027)
2025-05-06 12:20:29,106:__main__:Pricing info added, vendor_pricing_id (4242113): vendor_product_id (ID: 4181752) x source (google_main_searched)
2025-05-06 12:20:35,383:__main__:History Table is up-to-date.
2025-05-06 12:20:35,874:__main__:Pricing info added to history (z_90504_VendorPricing)
2025-05-06 12:20:37,316:__main__:Pricing info added, vendor_pricing_id (4242115): vendor_product_id (ID: 2734517) x source (google_main_searched)
2025-05-06 12:20:43,700:__main__:History Table is up-to-date.
2025-05-06 12:20:44,179:__main__:Pricing info added to history (z_19879_VendorPricing)
2025-05-06 12:20:44,666:__main__:Found existing vendor: ToolUp.com (ID: 55692)
2025-05-06 12:20:45,379:__main__:Mapped Vendor (ID: 55692) x Product (ID: 79027)
2025-05-06 12:20:47,278:__main__:Pricing info added, vendor_pricing_id (4242117): vendor_product_id (ID: 4181753) x source (google_main_searched) x SUSPICIOUS
2025-05-06 12:20:53,362:__main__:History Table is up-to-date.
2025-05-06 12:20:53,818:__main__:Pricing info added to history (z_55692_VendorPricing)
2025-05-06 12:20:54,305:__main__:Found existing vendor: Service Electric Supply (ID: 98406)
2025-05-06 12:20:55,026:__main__:Mapped Vendor (ID: 98406) x Product (ID: 79027)
2025-05-06 12:20:56,944:__main__:Pricing info added, vendor_pricing_id (4242120): vendor_product_id (ID: 4181756) x source (google_main_searched)
2025-05-06 12:21:03,204:__main__:History Table is up-to-date.
2025-05-06 12:21:03,700:__main__:Pricing info added to history (z_98406_VendorPricing)
2025-05-06 12:21:04,194:__main__:Found existing vendor: ToolUp.com (ID: 55692)
2025-05-06 12:21:04,435:__main__:Mapping already exist: Vendor (ID: 55692) x Product (ID: 79027)
2025-05-06 12:21:05,635:__main__:Pricing info added, vendor_pricing_id (4242123): vendor_product_id (ID: 4181753) x source (google_main_searched) x SUSPICIOUS
2025-05-06 12:21:12,081:__main__:History Table is up-to-date.
2025-05-06 12:21:12,609:__main__:Pricing info added to history (z_55692_VendorPricing)
2025-05-06 12:21:13,118:__main__:Found existing vendor: ToolUp.com (ID: 55692)
2025-05-06 12:21:13,360:__main__:Mapping already exist: Vendor (ID: 55692) x Product (ID: 79027)
2025-05-06 12:21:14,562:__main__:Pricing info added, vendor_pricing_id (4242125): vendor_product_id (ID: 4181753) x source (google_main_searched) x SUSPICIOUS
2025-05-06 12:21:21,955:__main__:History Table is up-to-date.
2025-05-06 12:21:22,456:__main__:Pricing info added to history (z_55692_VendorPricing)
2025-05-06 12:21:23,662:__main__:Pricing info added, vendor_pricing_id (4242128): vendor_product_id (ID: 857125) x source (google_main_searched) x SUSPICIOUS
2025-05-06 12:21:30,297:__main__:History Table is up-to-date.
2025-05-06 12:21:30,810:__main__:Pricing info added to history (z_10335_VendorPricing)
2025-05-06 12:21:31,313:__main__:Found existing vendor: ToolUp.com (ID: 55692)
2025-05-06 12:21:31,553:__main__:Mapping already exist: Vendor (ID: 55692) x Product (ID: 79027)
2025-05-06 12:21:32,763:__main__:Pricing info added, vendor_pricing_id (4242130): vendor_product_id (ID: 4181753) x source (google_main_searched) x SUSPICIOUS
2025-05-06 12:21:39,105:__main__:History Table is up-to-date.
2025-05-06 12:21:39,604:__main__:Pricing info added to history (z_55692_VendorPricing)
2025-05-06 12:21:40,108:__main__:Found existing vendor: ToolUp.com (ID: 55692)
2025-05-06 12:21:40,352:__main__:Mapping already exist: Vendor (ID: 55692) x Product (ID: 79027)
2025-05-06 12:21:41,571:__main__:Pricing info added, vendor_pricing_id (4242133): vendor_product_id (ID: 4181753) x source (google_main_searched) x SUSPICIOUS
2025-05-06 12:21:47,735:__main__:History Table is up-to-date.
2025-05-06 12:21:48,212:__main__:Pricing info added to history (z_55692_VendorPricing)
2025-05-06 12:21:48,717:__main__:Found existing vendor: Motion (ID: 99063)
2025-05-06 12:21:49,449:__main__:Mapped Vendor (ID: 99063) x Product (ID: 79027)
2025-05-06 12:21:51,367:__main__:Pricing info added, vendor_pricing_id (4242135): vendor_product_id (ID: 4181761) x source (google_main_searched)
2025-05-06 12:21:57,598:__main__:History Table is up-to-date.
2025-05-06 12:21:58,093:__main__:Pricing info added to history (z_99063_VendorPricing)
2025-05-06 12:21:59,304:__main__:Pricing info added, vendor_pricing_id (4242137): vendor_product_id (ID: 1885062) x source (google_main_searched) x SUSPICIOUS
2025-05-06 12:22:05,758:__main__:History Table is up-to-date.
2025-05-06 12:22:06,286:__main__:Pricing info added to history (z_10059_VendorPricing)
2025-05-06 12:22:07,511:__main__:Pricing info added, vendor_pricing_id (4242139): vendor_product_id (ID: 1885062) x source (google_main_searched) x SUSPICIOUS
2025-05-06 12:22:14,171:__main__:History Table is up-to-date.
2025-05-06 12:22:14,686:__main__:Pricing info added to history (z_10059_VendorPricing)
2025-05-06 12:22:15,911:__main__:Pricing info added, vendor_pricing_id (4242142): vendor_product_id (ID: 1885062) x source (google_main_searched) x SUSPICIOUS
2025-05-06 12:22:22,478:__main__:History Table is up-to-date.
2025-05-06 12:22:22,945:__main__:Pricing info added to history (z_10059_VendorPricing)
2025-05-06 12:22:24,143:__main__:Pricing info added, vendor_pricing_id (4242145): vendor_product_id (ID: 1885062) x source (google_main_searched) x SUSPICIOUS
2025-05-06 12:22:30,516:__main__:History Table is up-to-date.
2025-05-06 12:22:31,016:__main__:Pricing info added to history (z_10059_VendorPricing)
2025-05-06 12:22:32,236:__main__:Pricing info added, vendor_pricing_id (4242148): vendor_product_id (ID: 1885062) x source (google_main_searched) x SUSPICIOUS
2025-05-06 12:22:38,893:__main__:History Table is up-to-date.
2025-05-06 12:22:39,416:__main__:Pricing info added to history (z_10059_VendorPricing)
2025-05-06 12:22:40,640:__main__:Pricing info added, vendor_pricing_id (4242151): vendor_product_id (ID: 1885062) x source (google_main_searched) x SUSPICIOUS
2025-05-06 12:22:46,709:__main__:History Table is up-to-date.
2025-05-06 12:22:47,179:__main__:Pricing info added to history (z_10059_VendorPricing)
2025-05-06 12:22:50,110:__main__:Marked product as scraped (PID: 79027).
2025-05-06 12:22:53,437:__main__:Processed (Milwaukee  48-11-2425)
2025-05-06 12:23:52,212:__main__:
        -------------- Process started for 1 product(s) --------------
        
2025-05-06 12:23:54,650:__main__:Marked as picked (PID: 79049).
2025-05-06 12:23:54,892:__main__:Processing (Milwaukee  2113-21)
2025-05-06 12:23:54,894:__main__:trigger selenium
2025-05-06 12:24:05,692:__main__:Current IP: 38.152.159.253
